{
    "-profile test": {
        "content": [
            18,
            [
                "GCA_947369205.1_OX376310.1_CANBKR010000003.1.pacbio.icCanRufa1_deepvariant.g.vcf.frq",
                "GCA_947369205.1_OX376310.1_CANBKR010000003.1.pacbio.icCanRufa1_deepvariant.g.vcf.gz.tbi",
                "GCA_947369205.1_OX376310.1_CANBKR010000003.1.pacbio.icCanRufa1_deepvariant.g.vcf.het",
                "GCA_947369205.1_OX376310.1_CANBKR010000003.1.pacbio.icCanRufa1_deepvariant.g.vcf.indel.hist",
                "GCA_947369205.1_OX376310.1_CANBKR010000003.1.pacbio.icCanRufa1_deepvariant.g.vcf.pi.gz",
                "GCA_947369205.1_OX376310.1_CANBKR010000003.1.pacbio.icCanRufa1_deepvariant.g.vcf.roh",
                "GCA_947369205.1_OX376310.1_CANBKR010000003.1.pacbio.icCanRufa1_deepvariant.g.vcf.snpden",
                "GCA_947369205.1_OX376310.1_CANBKR010000003.1.pacbio.icCanRufa1_deepvariant.vcf.frq",
                "GCA_947369205.1_OX376310.1_CANBKR010000003.1.pacbio.icCanRufa1_deepvariant.vcf.gz.tbi",
                "GCA_947369205.1_OX376310.1_CANBKR010000003.1.pacbio.icCanRufa1_deepvariant.vcf.het",
                "GCA_947369205.1_OX376310.1_CANBKR010000003.1.pacbio.icCanRufa1_deepvariant.vcf.indel.hist",
                "GCA_947369205.1_OX376310.1_CANBKR010000003.1.pacbio.icCanRufa1_deepvariant.vcf.pi.gz",
                "GCA_947369205.1_OX376310.1_CANBKR010000003.1.pacbio.icCanRufa1_deepvariant.vcf.roh",
                "GCA_947369205.1_OX376310.1_CANBKR010000003.1.pacbio.icCanRufa1_deepvariant.vcf.snpden",
                "pipeline_info",
                "pipeline_info/variantcomposition_software_versions.yml"
            ],
            [
                "GCA_947369205.1_OX376310.1_CANBKR010000003.1.pacbio.icCanRufa1_deepvariant.g.vcf.frq:md5,06e7b4d696872ae1d09f11751cb69ce7",
                "GCA_947369205.1_OX376310.1_CANBKR010000003.1.pacbio.icCanRufa1_deepvariant.g.vcf.gz.tbi:md5,5a2bc05cea8838489bf6a3e48f61743e",
                "GCA_947369205.1_OX376310.1_CANBKR010000003.1.pacbio.icCanRufa1_deepvariant.g.vcf.het:md5,e9888822bd247b43aeb55d85c82b95eb",
                "GCA_947369205.1_OX376310.1_CANBKR010000003.1.pacbio.icCanRufa1_deepvariant.g.vcf.indel.hist:md5,ac900c010dbb67012cd4371f1034ae44",
                "GCA_947369205.1_OX376310.1_CANBKR010000003.1.pacbio.icCanRufa1_deepvariant.g.vcf.pi.gz:md5,2c1cbd686e7b4d16b0e7a13414be65c2",
                "GCA_947369205.1_OX376310.1_CANBKR010000003.1.pacbio.icCanRufa1_deepvariant.g.vcf.roh:md5,b9190c9c4bd57a7c7babdddfa964d166",
                "GCA_947369205.1_OX376310.1_CANBKR010000003.1.pacbio.icCanRufa1_deepvariant.g.vcf.snpden:md5,3747d7f82078c04707c4bedba39e5e8d",
                "GCA_947369205.1_OX376310.1_CANBKR010000003.1.pacbio.icCanRufa1_deepvariant.vcf.frq:md5,c5998e8baabe8f52e88de7530840000e",
                "GCA_947369205.1_OX376310.1_CANBKR010000003.1.pacbio.icCanRufa1_deepvariant.vcf.gz.tbi:md5,761bad063c8af6ff6a2734982445915a",
                "GCA_947369205.1_OX376310.1_CANBKR010000003.1.pacbio.icCanRufa1_deepvariant.vcf.het:md5,50f65e1312a20e3549d15ad324764998",
                "GCA_947369205.1_OX376310.1_CANBKR010000003.1.pacbio.icCanRufa1_deepvariant.vcf.indel.hist:md5,91658038280c1c92cefa00a3d7b3f357",
                "GCA_947369205.1_OX376310.1_CANBKR010000003.1.pacbio.icCanRufa1_deepvariant.vcf.pi.gz:md5,9c35407165ea33601a554eaa7005d26b",
                "GCA_947369205.1_OX376310.1_CANBKR010000003.1.pacbio.icCanRufa1_deepvariant.vcf.roh:md5,5bce4194740963a7a3a689120ba7b2c8",
                "GCA_947369205.1_OX376310.1_CANBKR010000003.1.pacbio.icCanRufa1_deepvariant.vcf.snpden:md5,8b9a5eaba3e0965b04b2db2c7f0674ed"
            ]
        ],
        "meta": {
            "nf-test": "0.9.2",
            "nextflow": "25.04.6"
        },
        "timestamp": "2025-08-09T21:09:02.644162125"
    }
}